2021-11-13 09:47:59	[ERROR]	/home/gumball/go-module/private/file_manager/api/controllers/register_controller.go:34	query invalid, err: [Key: 'RegisterPackage.FullName' Error:Field validation for 'FullName' failed on the 'required' tag]
2021-11-13 09:47:59	[ERROR]	/home/gumball/go-module/private/file_manager/api/controllers/register_controller.go:34	query invalid, err: [Key: 'RegisterPackage.Password' Error:Field validation for 'Password' failed on the 'required' tag]
2021-11-13 09:47:59	[INFO]	/home/gumball/go/pkg/mod/github.com/gin-gonic/gin@v1.7.3/gin.go:489	/signup	{"status": 400, "method": "POST", "path": "/signup", "query": "", "user_agent": "PostmanRuntime/7.28.4"}
2021-11-13 09:48:26	[ERROR]	/home/gumball/go-module/private/file_manager/api/controllers/register_controller.go:26	bind json fail, err:[invalid character 'l' after object key]
2021-11-13 09:48:26	[INFO]	/home/gumball/go/pkg/mod/github.com/gin-gonic/gin@v1.7.3/gin.go:489	/signup	{"status": 400, "method": "POST", "path": "/signup", "query": "", "user_agent": "PostmanRuntime/7.28.4"}
2021-11-13 09:48:44	[ERROR]	/home/gumball/go-module/private/file_manager/api/controllers/register_controller.go:34	query invalid, err: [Key: 'RegisterPackage.Password' Error:Field validation for 'Password' failed on the 'required' tag]
2021-11-13 09:48:44	[INFO]	/home/gumball/go/pkg/mod/github.com/gin-gonic/gin@v1.7.3/gin.go:489	/signup	{"status": 400, "method": "POST", "path": "/signup", "query": "", "user_agent": "PostmanRuntime/7.28.4"}
